============================= test session starts =============================
platform win32 -- Python 3.11.9, pytest-8.2.0, pluggy-1.6.0 -- C:\Users\Devanshi Birla\AppData\Local\Programs\Python\Python311\python.exe
cachedir: .pytest_cache
rootdir: C:\TrustTrace_Backend_\projexaAI
plugins: mock-3.14.0
collecting ... collected 72 items

tests/test_advice_generator.py::TestAdviceGenerator::test_low_risk_returns_advice PASSED [  1%]
tests/test_advice_generator.py::TestAdviceGenerator::test_medium_risk_returns_caution_advice PASSED [  2%]
tests/test_advice_generator.py::TestAdviceGenerator::test_high_risk_returns_warning_advice PASSED [  4%]
tests/test_advice_generator.py::TestAdviceGenerator::test_url_high_risk_includes_close_browser PASSED [  5%]
tests/test_advice_generator.py::TestAdviceGenerator::test_phone_high_risk_includes_block PASSED [  6%]
tests/test_advice_generator.py::TestAdviceGenerator::test_email_high_risk_includes_spam_or_delete PASSED [  8%]
tests/test_advice_generator.py::TestAdviceGenerator::test_url_medium_risk_includes_https_advice PASSED [  9%]
tests/test_advice_generator.py::TestAdviceGenerator::test_typosquat_flag_adds_brand_advice PASSED [ 11%]
tests/test_advice_generator.py::TestAdviceGenerator::test_ip_address_flag_adds_specific_advice PASSED [ 12%]
tests/test_advice_generator.py::TestAdviceGenerator::test_voip_flag_adds_voip_advice PASSED [ 13%]
tests/test_advice_generator.py::TestAdviceGenerator::test_no_duplicate_advice_strings PASSED [ 15%]
tests/test_advice_generator.py::TestAdviceGenerator::test_all_items_are_strings PASSED [ 16%]
tests/test_advice_generator.py::TestAdviceGenerator::test_empty_pattern_flags PASSED [ 18%]
tests/test_advice_generator.py::TestAdviceGenerator::test_unknown_risk_level_returns_graceful_output PASSED [ 19%]
tests/test_advice_generator.py::TestAdviceGenerator::test_invalid_input_type PASSED [ 20%]
tests/test_pattern_detector.py::TestClassifyInput::test_email_simple PASSED [ 22%]
tests/test_pattern_detector.py::TestClassifyInput::test_email_subdomains PASSED [ 23%]
tests/test_pattern_detector.py::TestClassifyInput::test_phone_e164 PASSED [ 25%]
tests/test_pattern_detector.py::TestClassifyInput::test_phone_spaces PASSED [ 26%]
tests/test_pattern_detector.py::TestClassifyInput::test_url_with_scheme PASSED [ 27%]
tests/test_pattern_detector.py::TestClassifyInput::test_url_without_scheme PASSED [ 29%]
tests/test_pattern_detector.py::TestClassifyInput::test_url_with_path PASSED [ 30%]
tests/test_pattern_detector.py::TestURLPatterns::test_suspicious_tld_xyz PASSED [ 31%]
tests/test_pattern_detector.py::TestURLPatterns::test_suspicious_tld_tk PASSED [ 33%]
tests/test_pattern_detector.py::TestURLPatterns::test_phishing_keyword_login PASSED [ 34%]
tests/test_pattern_detector.py::TestURLPatterns::test_typosquatting_paypal PASSED [ 36%]
tests/test_pattern_detector.py::TestURLPatterns::test_typosquatting_amazon PASSED [ 37%]
tests/test_pattern_detector.py::TestURLPatterns::test_ip_address_url PASSED [ 38%]
tests/test_pattern_detector.py::TestURLPatterns::test_excessive_hyphens PASSED [ 40%]
tests/test_pattern_detector.py::TestURLPatterns::test_clean_url_no_flags PASSED [ 41%]
tests/test_pattern_detector.py::TestURLPatterns::test_http_with_secure_keyword PASSED [ 43%]
tests/test_pattern_detector.py::TestPhonePatterns::test_high_risk_country_nigeria PASSED [ 44%]
tests/test_pattern_detector.py::TestPhonePatterns::test_repeating_digits PASSED [ 45%]
tests/test_pattern_detector.py::TestPhonePatterns::test_too_short PASSED [ 47%]
tests/test_pattern_detector.py::TestPhonePatterns::test_valid_us_number_no_flags PASSED [ 48%]
tests/test_pattern_detector.py::TestEmailPatterns::test_spoofed_gmail PASSED [ 50%]
tests/test_pattern_detector.py::TestEmailPatterns::test_brand_impersonation_paypal PASSED [ 51%]
tests/test_pattern_detector.py::TestEmailPatterns::test_suspicious_local_part PASSED [ 52%]
tests/test_pattern_detector.py::TestEmailPatterns::test_clean_corporate_email PASSED [ 54%]
tests/test_pattern_detector.py::TestEmailPatterns::test_invalid_email_format PASSED [ 55%]
tests/test_scan_routes.py::TestHealthEndpoint::test_health_returns_200 ERROR [ 56%]
tests/test_scan_routes.py::TestScanValidation::test_missing_body_returns_400 ERROR [ 58%]
tests/test_scan_routes.py::TestScanValidation::test_empty_input_returns_400 ERROR [ 59%]
tests/test_scan_routes.py::TestScanValidation::test_no_json_returns_400 ERROR [ 61%]
tests/test_scan_routes.py::TestScanSuccess::test_url_scan_returns_correct_shape ERROR [ 62%]
tests/test_scan_routes.py::TestScanSuccess::test_score_within_range ERROR [ 63%]
tests/test_scan_routes.py::TestScanSuccess::test_risk_level_valid_value ERROR [ 65%]
tests/test_scan_routes.py::TestScanSuccess::test_cache_hit_returns_immediately ERROR [ 66%]
tests/test_scan_routes.py::TestScanSuccess::test_pattern_flags_is_list ERROR [ 68%]
tests/test_scan_routes.py::TestReportEndpoint::test_report_submission_returns_201 ERROR [ 69%]
tests/test_scan_routes.py::TestReportEndpoint::test_report_missing_input_returns_400 ERROR [ 70%]
tests/test_trust_score_engine.py::TestCleanInput::test_perfect_score PASSED [ 72%]
tests/test_trust_score_engine.py::TestCleanInput::test_low_risk_band PASSED [ 73%]
tests/test_trust_score_engine.py::TestSingleDeductions::test_google_safe_browsing_flag PASSED [ 75%]
tests/test_trust_score_engine.py::TestSingleDeductions::test_urlhaus_found_offline PASSED [ 76%]
tests/test_trust_score_engine.py::TestSingleDeductions::test_urlhaus_found_online PASSED [ 77%]
tests/test_trust_score_engine.py::TestSingleDeductions::test_urlhaus_not_found PASSED [ 79%]
tests/test_trust_score_engine.py::TestSingleDeductions::test_virustotal_high_malicious PASSED [ 80%]
tests/test_trust_score_engine.py::TestSingleDeductions::test_virustotal_low_malicious PASSED [ 81%]
tests/test_trust_score_engine.py::TestSingleDeductions::test_known_scam_deduction PASSED [ 83%]
tests/test_trust_score_engine.py::TestSingleDeductions::test_invalid_phone PASSED [ 84%]
tests/test_trust_score_engine.py::TestSingleDeductions::test_voip_phone PASSED [ 86%]
tests/test_trust_score_engine.py::TestSingleDeductions::test_unknown_carrier_phone PASSED [ 87%]
tests/test_trust_score_engine.py::TestPatternDeductions::test_suspicious_tld_flag PASSED [ 88%]
tests/test_trust_score_engine.py::TestPatternDeductions::test_brand_impersonation_flag PASSED [ 90%]
tests/test_trust_score_engine.py::TestPatternDeductions::test_multiple_pattern_flags PASSED [ 91%]
tests/test_trust_score_engine.py::TestPatternDeductions::test_duplicate_pattern_flags_deducted_once PASSED [ 93%]
tests/test_trust_score_engine.py::TestScoreClamping::test_score_cannot_go_below_zero PASSED [ 94%]
tests/test_trust_score_engine.py::TestScoreClamping::test_score_cannot_exceed_100 PASSED [ 95%]
tests/test_trust_score_engine.py::TestRiskBands::test_low_risk PASSED    [ 97%]
tests/test_trust_score_engine.py::TestRiskBands::test_medium_risk_boundary PASSED [ 98%]
tests/test_trust_score_engine.py::TestRiskBands::test_high_risk_boundary PASSED [100%]

=================================== ERRORS ====================================
________ ERROR at setup of TestHealthEndpoint.test_health_returns_200 _________
tests\test_scan_routes.py:24: in app
    import database.mongo_connection as mongo_mod
database\mongo_connection.py:13: in <module>
    from pymongo.errors import ServerSelectionTimeoutError
E   ModuleNotFoundError: No module named 'pymongo.errors'; 'pymongo' is not a package
_____ ERROR at setup of TestScanValidation.test_missing_body_returns_400 ______
tests\test_scan_routes.py:24: in app
    import database.mongo_connection as mongo_mod
database\mongo_connection.py:13: in <module>
    from pymongo.errors import ServerSelectionTimeoutError
E   ModuleNotFoundError: No module named 'pymongo.errors'; 'pymongo' is not a package
______ ERROR at setup of TestScanValidation.test_empty_input_returns_400 ______
tests\test_scan_routes.py:24: in app
    import database.mongo_connection as mongo_mod
database\mongo_connection.py:13: in <module>
    from pymongo.errors import ServerSelectionTimeoutError
E   ModuleNotFoundError: No module named 'pymongo.errors'; 'pymongo' is not a package
________ ERROR at setup of TestScanValidation.test_no_json_returns_400 ________
tests\test_scan_routes.py:24: in app
    import database.mongo_connection as mongo_mod
database\mongo_connection.py:13: in <module>
    from pymongo.errors import ServerSelectionTimeoutError
E   ModuleNotFoundError: No module named 'pymongo.errors'; 'pymongo' is not a package
____ ERROR at setup of TestScanSuccess.test_url_scan_returns_correct_shape ____
tests\test_scan_routes.py:24: in app
    import database.mongo_connection as mongo_mod
database\mongo_connection.py:13: in <module>
    from pymongo.errors import ServerSelectionTimeoutError
E   ModuleNotFoundError: No module named 'pymongo.errors'; 'pymongo' is not a package
__________ ERROR at setup of TestScanSuccess.test_score_within_range __________
tests\test_scan_routes.py:24: in app
    import database.mongo_connection as mongo_mod
database\mongo_connection.py:13: in <module>
    from pymongo.errors import ServerSelectionTimeoutError
E   ModuleNotFoundError: No module named 'pymongo.errors'; 'pymongo' is not a package
________ ERROR at setup of TestScanSuccess.test_risk_level_valid_value ________
tests\test_scan_routes.py:24: in app
    import database.mongo_connection as mongo_mod
database\mongo_connection.py:13: in <module>
    from pymongo.errors import ServerSelectionTimeoutError
E   ModuleNotFoundError: No module named 'pymongo.errors'; 'pymongo' is not a package
____ ERROR at setup of TestScanSuccess.test_cache_hit_returns_immediately _____
tests\test_scan_routes.py:24: in app
    import database.mongo_connection as mongo_mod
database\mongo_connection.py:13: in <module>
    from pymongo.errors import ServerSelectionTimeoutError
E   ModuleNotFoundError: No module named 'pymongo.errors'; 'pymongo' is not a package
________ ERROR at setup of TestScanSuccess.test_pattern_flags_is_list _________
tests\test_scan_routes.py:24: in app
    import database.mongo_connection as mongo_mod
database\mongo_connection.py:13: in <module>
    from pymongo.errors import ServerSelectionTimeoutError
E   ModuleNotFoundError: No module named 'pymongo.errors'; 'pymongo' is not a package
___ ERROR at setup of TestReportEndpoint.test_report_submission_returns_201 ___
tests\test_scan_routes.py:24: in app
    import database.mongo_connection as mongo_mod
database\mongo_connection.py:13: in <module>
    from pymongo.errors import ServerSelectionTimeoutError
E   ModuleNotFoundError: No module named 'pymongo.errors'; 'pymongo' is not a package
_ ERROR at setup of TestReportEndpoint.test_report_missing_input_returns_400 __
tests\test_scan_routes.py:24: in app
    import database.mongo_connection as mongo_mod
database\mongo_connection.py:13: in <module>
    from pymongo.errors import ServerSelectionTimeoutError
E   ModuleNotFoundError: No module named 'pymongo.errors'; 'pymongo' is not a package
=========================== short test summary info ===========================
ERROR tests/test_scan_routes.py::TestHealthEndpoint::test_health_returns_200
ERROR tests/test_scan_routes.py::TestScanValidation::test_missing_body_returns_400
ERROR tests/test_scan_routes.py::TestScanValidation::test_empty_input_returns_400
ERROR tests/test_scan_routes.py::TestScanValidation::test_no_json_returns_400
ERROR tests/test_scan_routes.py::TestScanSuccess::test_url_scan_returns_correct_shape
ERROR tests/test_scan_routes.py::TestScanSuccess::test_score_within_range - M...
ERROR tests/test_scan_routes.py::TestScanSuccess::test_risk_level_valid_value
ERROR tests/test_scan_routes.py::TestScanSuccess::test_cache_hit_returns_immediately
ERROR tests/test_scan_routes.py::TestScanSuccess::test_pattern_flags_is_list
ERROR tests/test_scan_routes.py::TestReportEndpoint::test_report_submission_returns_201
ERROR tests/test_scan_routes.py::TestReportEndpoint::test_report_missing_input_returns_400
======================== 61 passed, 11 errors in 1.11s ========================
